[2023-03-03 14:36:54.170] [jointLog] [info] setting maxHashResizeThreads to 8
[2023-03-03 14:36:54.170] [jointLog] [info] Fragment incompatibility prior below threshold.  Incompatible fragments will be ignored.
[2023-03-03 14:36:54.170] [jointLog] [info] Usage of --validateMappings implies use of minScoreFraction. Since not explicitly specified, it is being set to 0.65
[2023-03-03 14:36:54.170] [jointLog] [info] Setting consensusSlack to selective-alignment default of 0.35.
[2023-03-03 14:36:54.170] [jointLog] [info] parsing read library format
[2023-03-03 14:36:54.170] [jointLog] [info] There is 1 library.
[2023-03-03 14:36:54.171] [jointLog] [info] Loading pufferfish index
[2023-03-03 14:36:54.171] [jointLog] [info] Loading dense pufferfish index.
[2023-03-03 14:37:38.409] [jointLog] [info] done
[2023-03-03 14:37:38.501] [jointLog] [info] Index contained 117,201 targets
[2023-03-03 14:37:40.260] [jointLog] [info] Number of decoys : 66
[2023-03-03 14:37:40.260] [jointLog] [info] First decoy index : 117,096 
[2023-03-03 14:37:42.206] [jointLog] [info] Automatically detected most likely library type as IU

[2023-03-03 14:55:32.179] [fileLog] [info] 
At end of round 0
==================
Observed 33537239 total fragments (33537239 in most recent round)

[2023-03-03 14:55:32.179] [jointLog] [info] Computed 267,545 rich equivalence classes for further processing
[2023-03-03 14:55:32.179] [jointLog] [info] Counted 27,044,057 total reads in the equivalence classes 
[2023-03-03 14:55:32.186] [jointLog] [info] Number of mappings discarded because of alignment score : 13,405,449
[2023-03-03 14:55:32.186] [jointLog] [info] Number of fragments entirely discarded because of alignment score : 2,992,012
[2023-03-03 14:55:32.186] [jointLog] [info] Number of fragments discarded because they are best-mapped to decoys : 1,588,969
[2023-03-03 14:55:32.186] [jointLog] [info] Number of fragments discarded because they have only dovetail (discordant) mappings to valid targets : 397,103
[2023-03-03 14:55:32.186] [jointLog] [info] Mapping rate = 80.6389%

[2023-03-03 14:55:32.186] [jointLog] [info] finished quantifyLibrary()
[2023-03-03 14:55:32.187] [jointLog] [info] Starting optimizer
[2023-03-03 14:55:32.258] [jointLog] [info] Marked 0 weighted equivalence classes as degenerate
[2023-03-03 14:55:32.266] [jointLog] [info] iteration = 0 | max rel diff. = 10583.8
[2023-03-03 14:55:32.348] [jointLog] [info] iteration 11, adjusting effective lengths to account for biases
[2023-03-03 14:55:48.020] [jointLog] [info] Computed expected counts (for bias correction)
[2023-03-03 14:55:48.020] [jointLog] [info] processed bias for 0.0% of the transcripts
[2023-03-03 14:55:49.614] [jointLog] [info] processed bias for 10.0% of the transcripts
[2023-03-03 14:55:51.336] [jointLog] [info] processed bias for 20.0% of the transcripts
[2023-03-03 14:55:53.032] [jointLog] [info] processed bias for 30.0% of the transcripts
[2023-03-03 14:55:54.725] [jointLog] [info] processed bias for 40.0% of the transcripts
[2023-03-03 14:55:56.470] [jointLog] [info] processed bias for 50.0% of the transcripts
[2023-03-03 14:55:57.959] [jointLog] [info] processed bias for 60.0% of the transcripts
[2023-03-03 14:55:58.599] [jointLog] [info] processed bias for 70.0% of the transcripts
[2023-03-03 14:55:59.668] [jointLog] [info] processed bias for 80.0% of the transcripts
[2023-03-03 14:56:01.447] [jointLog] [info] processed bias for 90.0% of the transcripts
[2023-03-03 14:56:03.191] [jointLog] [info] processed bias for 100.0% of the transcripts
[2023-03-03 14:56:03.193] [jointLog] [info] processed bias for 100.0% of the transcripts
[2023-03-03 14:56:03.843] [jointLog] [info] iteration = 100 | max rel diff. = 16.6765
[2023-03-03 14:56:04.559] [jointLog] [info] iteration = 200 | max rel diff. = 4.84433
[2023-03-03 14:56:05.275] [jointLog] [info] iteration = 300 | max rel diff. = 1.9703
[2023-03-03 14:56:05.993] [jointLog] [info] iteration = 400 | max rel diff. = 0.797432
[2023-03-03 14:56:06.712] [jointLog] [info] iteration = 500 | max rel diff. = 1.48539
[2023-03-03 14:56:07.430] [jointLog] [info] iteration = 600 | max rel diff. = 0.0638862
[2023-03-03 14:56:08.150] [jointLog] [info] iteration = 700 | max rel diff. = 0.0851193
[2023-03-03 14:56:08.869] [jointLog] [info] iteration = 800 | max rel diff. = 0.0716031
[2023-03-03 14:56:09.588] [jointLog] [info] iteration = 900 | max rel diff. = 0.0244833
[2023-03-03 14:56:10.311] [jointLog] [info] iteration = 1,000 | max rel diff. = 0.43233
[2023-03-03 14:56:11.036] [jointLog] [info] iteration = 1,100 | max rel diff. = 0.0340627
[2023-03-03 14:56:11.758] [jointLog] [info] iteration = 1,200 | max rel diff. = 4.59832
[2023-03-03 14:56:12.478] [jointLog] [info] iteration = 1,300 | max rel diff. = 0.0861727
[2023-03-03 14:56:13.199] [jointLog] [info] iteration = 1,400 | max rel diff. = 0.580968
[2023-03-03 14:56:13.920] [jointLog] [info] iteration = 1,500 | max rel diff. = 0.189908
[2023-03-03 14:56:14.639] [jointLog] [info] iteration = 1,600 | max rel diff. = 0.097243
[2023-03-03 14:56:15.361] [jointLog] [info] iteration = 1,700 | max rel diff. = 0.24553
[2023-03-03 14:56:16.082] [jointLog] [info] iteration = 1,800 | max rel diff. = 0.0358256
[2023-03-03 14:56:16.363] [jointLog] [info] iteration = 1,840 | max rel diff. = 0.00762337
[2023-03-03 14:56:16.376] [jointLog] [info] Finished optimizer
[2023-03-03 14:56:16.376] [jointLog] [info] writing output 

