[2023-03-03 14:36:54.168] [jointLog] [info] setting maxHashResizeThreads to 8
[2023-03-03 14:36:54.168] [jointLog] [info] Fragment incompatibility prior below threshold.  Incompatible fragments will be ignored.
[2023-03-03 14:36:54.168] [jointLog] [info] Usage of --validateMappings implies use of minScoreFraction. Since not explicitly specified, it is being set to 0.65
[2023-03-03 14:36:54.168] [jointLog] [info] Setting consensusSlack to selective-alignment default of 0.35.
[2023-03-03 14:36:54.168] [jointLog] [info] parsing read library format
[2023-03-03 14:36:54.168] [jointLog] [info] There is 1 library.
[2023-03-03 14:36:54.170] [jointLog] [info] Loading pufferfish index
[2023-03-03 14:36:54.171] [jointLog] [info] Loading dense pufferfish index.
[2023-03-03 14:37:37.209] [jointLog] [info] done
[2023-03-03 14:37:37.301] [jointLog] [info] Index contained 117,201 targets
[2023-03-03 14:37:39.088] [jointLog] [info] Number of decoys : 66
[2023-03-03 14:37:39.088] [jointLog] [info] First decoy index : 117,096 
[2023-03-03 14:37:40.923] [jointLog] [info] Automatically detected most likely library type as IU

[2023-03-03 14:55:50.595] [jointLog] [info] Computed 264,681 rich equivalence classes for further processing
[2023-03-03 14:55:50.595] [jointLog] [info] Counted 27,867,844 total reads in the equivalence classes 
[2023-03-03 14:55:50.603] [jointLog] [info] Number of mappings discarded because of alignment score : 13,539,462
[2023-03-03 14:55:50.603] [jointLog] [info] Number of fragments entirely discarded because of alignment score : 2,657,183
[2023-03-03 14:55:50.603] [jointLog] [info] Number of fragments discarded because they are best-mapped to decoys : 1,213,038
[2023-03-03 14:55:50.603] [jointLog] [info] Number of fragments discarded because they have only dovetail (discordant) mappings to valid targets : 417,963
[2023-03-03 14:55:50.603] [jointLog] [info] Mapping rate = 84.9214%

[2023-03-03 14:55:50.603] [jointLog] [info] finished quantifyLibrary()
[2023-03-03 14:55:50.604] [jointLog] [info] Starting optimizer
[2023-03-03 14:55:50.683] [jointLog] [info] Marked 0 weighted equivalence classes as degenerate
[2023-03-03 14:55:50.691] [jointLog] [info] iteration = 0 | max rel diff. = 10519.6
[2023-03-03 14:55:50.770] [jointLog] [info] iteration 11, adjusting effective lengths to account for biases
[2023-03-03 14:55:50.596] [fileLog] [info] 
At end of round 0
==================
Observed 32816042 total fragments (32816042 in most recent round)

[2023-03-03 14:56:06.546] [jointLog] [info] Computed expected counts (for bias correction)
[2023-03-03 14:56:06.546] [jointLog] [info] processed bias for 0.0% of the transcripts
[2023-03-03 14:56:08.118] [jointLog] [info] processed bias for 10.0% of the transcripts
[2023-03-03 14:56:09.812] [jointLog] [info] processed bias for 20.0% of the transcripts
[2023-03-03 14:56:11.536] [jointLog] [info] processed bias for 30.0% of the transcripts
[2023-03-03 14:56:13.225] [jointLog] [info] processed bias for 40.0% of the transcripts
[2023-03-03 14:56:14.683] [jointLog] [info] processed bias for 50.0% of the transcripts
[2023-03-03 14:56:15.254] [jointLog] [info] processed bias for 60.0% of the transcripts
[2023-03-03 14:56:16.482] [jointLog] [info] processed bias for 70.0% of the transcripts
[2023-03-03 14:56:18.204] [jointLog] [info] processed bias for 80.0% of the transcripts
[2023-03-03 14:56:19.870] [jointLog] [info] processed bias for 90.0% of the transcripts
[2023-03-03 14:56:21.615] [jointLog] [info] processed bias for 100.0% of the transcripts
[2023-03-03 14:56:22.260] [jointLog] [info] iteration = 100 | max rel diff. = 19.2994
[2023-03-03 14:56:22.974] [jointLog] [info] iteration = 200 | max rel diff. = 0.272549
[2023-03-03 14:56:23.685] [jointLog] [info] iteration = 300 | max rel diff. = 1.00438
[2023-03-03 14:56:24.397] [jointLog] [info] iteration = 400 | max rel diff. = 0.166545
[2023-03-03 14:56:25.110] [jointLog] [info] iteration = 500 | max rel diff. = 0.163051
[2023-03-03 14:56:25.820] [jointLog] [info] iteration = 600 | max rel diff. = 0.102135
[2023-03-03 14:56:26.529] [jointLog] [info] iteration = 700 | max rel diff. = 0.146178
[2023-03-03 14:56:27.239] [jointLog] [info] iteration = 800 | max rel diff. = 0.195413
[2023-03-03 14:56:27.949] [jointLog] [info] iteration = 900 | max rel diff. = 0.322453
[2023-03-03 14:56:28.662] [jointLog] [info] iteration = 1,000 | max rel diff. = 0.0271705
[2023-03-03 14:56:29.375] [jointLog] [info] iteration = 1,100 | max rel diff. = 0.30525
[2023-03-03 14:56:30.088] [jointLog] [info] iteration = 1,200 | max rel diff. = 0.0663782
[2023-03-03 14:56:30.801] [jointLog] [info] iteration = 1,300 | max rel diff. = 0.0121185
[2023-03-03 14:56:31.517] [jointLog] [info] iteration = 1,400 | max rel diff. = 0.0155784
[2023-03-03 14:56:32.233] [jointLog] [info] iteration = 1,500 | max rel diff. = 0.0447291
[2023-03-03 14:56:32.950] [jointLog] [info] iteration = 1,600 | max rel diff. = 0.0288829
[2023-03-03 14:56:33.666] [jointLog] [info] iteration = 1,700 | max rel diff. = 0.038666
[2023-03-03 14:56:33.895] [jointLog] [info] iteration = 1,733 | max rel diff. = 0.00451908
[2023-03-03 14:56:33.912] [jointLog] [info] Finished optimizer
[2023-03-03 14:56:33.912] [jointLog] [info] writing output 

